// Ansible managed file, do not edit directly

acl "trusted" {
    localhost;
    localnets;
};
